[settings]
[settings.kubernetes]
api-server = 'https://test-cluster'
cluster-certificate = 'ca-bundle'
cluster-name = 'test-cluster'
cluster-dns-ip = '10.0.100.10'
max-pods = 110

[settings.kubernetes.node-labels]
'karpenter.k8s.aws/ec2nodeclass' = '%s'
'karpenter.sh/capacity-type' = 'on-demand'
'karpenter.sh/do-not-sync-taints' = 'true'
'%s' = '%s'
'testing/cluster' = 'unspecified'

[settings.kubernetes.node-taints]
baz = ['bin:NoExecute']
foo = ['bar:NoExecute']
'karpenter.sh/unregistered' = [':NoExecute']
