[settings.kubernetes]
"unknown-setting" = "unknown"
api-server = 'replaceme'
cloud-provider = 'external'
cluster-certificate = "replaceme"
cluster-name = 'replaceme'
max-pods = 9999999999 # replaceme

[settings.kubernetes.eviction-hard]
"memory.available" = "12%%"

[settings.kubernetes.node-labels]
"custom-node-label" = "custom"
"%s" = "should-be-overridden"

[settings.kubernetes.node-taints]
"replace" = ["me:Schedule"]

[settings.network]
hostname = "test.local"
https-proxy = "1.2.3.4:8080"
no-proxy = ["localhost", "127.0.0.1"]
hosts = [["10.0.0.0", ["test.example.com", "test1.example.com"]]]

[settings.ntp]
time-servers = ["169.254.169.123"]
