[settings]
[settings.kubernetes]
api-server = 'https://test-cluster'
cluster-certificate = 'ca-bundle'
cluster-name = 'test-cluster'
max-pods = 110

[settings.kubernetes.node-labels]
'karpenter.sh/capacity-type' = 'on-demand'
'karpenter.sh/provisioner-name' = '%s'
'testing.karpenter.sh/test-id' = 'unspecified'

[settings.kubernetes.node-taints]
baz = ['bin:NoExecute']
foo = ['bar:NoExecute']

[settings.kubernetes.eviction-hard]
'memory.available' = '12%%'

[settings.network]
hostname = 'test.local'
hosts = [['10.0.0.0', ['test.example.com', 'test1.example.com']]]
https-proxy = '1.2.3.4:8080'
no-proxy = ['localhost', '127.0.0.1']

[settings.ntp]
time-servers = ['169.254.169.123']
